Vivado Simulator 2018.3
Time resolution is 1 ps
Initial test MATRIX...
START TPU REG...
already write reg addr=0x00000004, data=0x02004010
already write reg addr=0x00000008, data=0x00000008
already write reg addr=0x00000010, data=0x10000000
already write reg addr=0x00000014, data=0x20000000
already write reg addr=0x00000018, data=0x30000000
already write reg addr=0x0000001c, data=0x40000000
start compute...
already write reg addr=0x00000000, data=0x00000001
wait compute...
Initial test MATRIX...
START TPU REG...
already write reg addr=0x00000004, data=0x02004010
already write reg addr=0x00000008, data=0x00000008
already write reg addr=0x00000010, data=0x10000000
already write reg addr=0x00000014, data=0x20000000
already write reg addr=0x00000018, data=0x30000000
already write reg addr=0x0000001c, data=0x40000000
start compute...
already write reg addr=0x00000000, data=0x00000001
wait compute...
already read reg addr=0x00000000, data=0x00000000
already read reg addr=0x00000000, data=0x00000000
already read reg addr=0x00000000, data=0x00000000
already read reg addr=0x00000000, data=0x00000000
already read reg addr=0x00000000, data=0x00000000
already read reg addr=0x00000000, data=0x00000000
already read reg addr=0x00000000, data=0x00000000
already read reg addr=0x00000000, data=0x00000000
already read reg addr=0x00000000, data=0x00000000
already read reg addr=0x00000000, data=0x00000000
already read reg addr=0x00000000, data=0x00000000
already read reg addr=0x00000000, data=0x00000000
already read reg addr=0x00000000, data=0x00000000
already read reg addr=0x00000000, data=0x00000000
already read reg addr=0x00000000, data=0x00000000
already read reg addr=0x00000000, data=0x00000000
already read reg addr=0x00000000, data=0x00000000
already read reg addr=0x00000000, data=0x00000000
already read reg addr=0x00000000, data=0x00000000
already read reg addr=0x00000000, data=0x00000000
already read reg addr=0x00000000, data=0x00000000
already read reg addr=0x00000000, data=0x00000000
already read reg addr=0x00000000, data=0x00000000
already read reg addr=0x00000000, data=0x00000000
already read reg addr=0x00000000, data=0x00000000
already read reg addr=0x00000000, data=0x00000000
already read reg addr=0x00000000, data=0x00000000
already read reg addr=0x00000000, data=0x00000000
already read reg addr=0x00000000, data=0x00000000
already read reg addr=0x00000000, data=0x00000000
already read reg addr=0x00000000, data=0x00000000
already read reg addr=0x00000000, data=0x00000000
already read reg addr=0x00000000, data=0x00000000
already read reg addr=0x00000000, data=0x00000000
already read reg addr=0x00000000, data=0x00000000
already read reg addr=0x00000000, data=0x00000000
already read reg addr=0x00000000, data=0x00000000
already read reg addr=0x00000000, data=0x00000000
already read reg addr=0x00000000, data=0x00000000
already read reg addr=0x00000000, data=0x00000000
already read reg addr=0x00000000, data=0x00000000
already read reg addr=0x00000000, data=0x00000000
already read reg addr=0x00000000, data=0x00000000
already read reg addr=0x00000000, data=0x00000000
already read reg addr=0x00000000, data=0x00000000
already read reg addr=0x00000000, data=0x00000000
already read reg addr=0x00000000, data=0x00000000
already read reg addr=0x00000000, data=0x00000000
already read reg addr=0x00000000, data=0x00000000
already read reg addr=0x00000000, data=0x00000000
already read reg addr=0x00000000, data=0x00000000
already read reg addr=0x00000000, data=0x00000000
already read reg addr=0x00000000, data=0x00000000
already read reg addr=0x00000000, data=0x00000000
already read reg addr=0x00000000, data=0x00000000
already read reg addr=0x00000000, data=0x00000000
already read reg addr=0x00000000, data=0x00000000
already read reg addr=0x00000000, data=0x00000000
already read reg addr=0x00000000, data=0x00000000
already read reg addr=0x00000000, data=0x00000000
already read reg addr=0x00000000, data=0x00000000
already read reg addr=0x00000000, data=0x00000000
already read reg addr=0x00000000, data=0x00000000
already read reg addr=0x00000000, data=0x00000000
already read reg addr=0x00000000, data=0x00000000
already read reg addr=0x00000000, data=0x00000000
already read reg addr=0x00000000, data=0x00000000
already read reg addr=0x00000000, data=0x00000000
already read reg addr=0x00000000, data=0x00000000
already read reg addr=0x00000000, data=0x00000000
already read reg addr=0x00000000, data=0x00000000
already read reg addr=0x00000000, data=0x00000000
already read reg addr=0x00000000, data=0x00000000
already read reg addr=0x00000000, data=0x00000000
already read reg addr=0x00000000, data=0x00000000
already read reg addr=0x00000000, data=0x00000000
already read reg addr=0x00000000, data=0x00000000
already read reg addr=0x00000000, data=0x00000000
already read reg addr=0x00000000, data=0x00000000
already read reg addr=0x00000000, data=0x00000000
already read reg addr=0x00000000, data=0x00000000
already read reg addr=0x00000000, data=0x00000000
already read reg addr=0x00000000, data=0x00000000
already read reg addr=0x00000000, data=0x00000000
already read reg addr=0x00000000, data=0x00000000
already read reg addr=0x00000000, data=0x00000000
already read reg addr=0x00000000, data=0x00000000
already read reg addr=0x00000000, data=0x00000000
already read reg addr=0x00000000, data=0x00000000
already read reg addr=0x00000000, data=0x00000000
already read reg addr=0x00000000, data=0x00000000
already read reg addr=0x00000000, data=0x00000000
already read reg addr=0x00000000, data=0x00000000
already read reg addr=0x00000000, data=0x00000000
already read reg addr=0x00000000, data=0x00000000
already read reg addr=0x00000000, data=0x00000000
