#-----------------------------------------------------------
# Vivado v2018.3 (64-bit)
# SW Build 2405991 on Thu Dec  6 23:38:27 MST 2018
# IP Build 2404404 on Fri Dec  7 01:43:56 MST 2018
# Start of session at: Wed Apr 23 09:05:23 2025
# Process ID: 6312
# Current directory: C:/Users/dell/Desktop/Tensor/project_2/project_2
# Command line: vivado.exe -gui_launcher_event rodinguilauncherevent20664 C:\Users\dell\Desktop\Tensor\project_2\project_2\project_2.xpr
# Log file: C:/Users/dell/Desktop/Tensor/project_2/project_2/vivado.log
# Journal file: C:/Users/dell/Desktop/Tensor/project_2/project_2\vivado.jou
#-----------------------------------------------------------
start_gui
open_project C:/Users/dell/Desktop/Tensor/project_2/project_2/project_2.xpr
Scanning sources...
Finished scanning sources
INFO: [IP_Flow 19-234] Refreshing IP repositories
INFO: [IP_Flow 19-1704] No user IP repositories specified
INFO: [IP_Flow 19-2313] Loaded Vivado IP repository 'C:/Xilinx/Vivado/2018.3/data/ip'.
CRITICAL WARNING: [Common 17-1649] The Vivado message database 'C:/Users/dell/Desktop/Tensor/project_2/project_2/project_2.runs/synth_1/vivado.pb' contains 23577 messages. Restoring all messages from this message database will impact Vivado performance, so only WARNING, CRITICAL WARNING, and ERROR messages will be restored. To restore all messages from this file use the tcl command 'set_param messaging.loadPbLimit 23578' and re-open the project.
open_project: Time (s): cpu = 00:00:03 ; elapsed = 00:00:08 . Memory (MB): peak = 847.598 ; gain = 198.008
update_compile_order -fileset sources_1
exit
INFO: [Common 17-206] Exiting Vivado at Wed Apr 23 09:12:20 2025...
