#-----------------------------------------------------------
# Vivado v2018.3 (64-bit)
# SW Build 2405991 on Thu Dec  6 23:38:27 MST 2018
# IP Build 2404404 on Fri Dec  7 01:43:56 MST 2018
# Start of session at: Wed Apr 23 09:13:10 2025
# Process ID: 2892
# Current directory: C:/Users/dell/Desktop/Tensor/project_2/project_2
# Command line: vivado.exe -gui_launcher_event rodinguilauncherevent10024 C:\Users\dell\Desktop\Tensor\project_2\project_2\project_2.xpr
# Log file: C:/Users/dell/Desktop/Tensor/project_2/project_2/vivado.log
# Journal file: C:/Users/dell/Desktop/Tensor/project_2/project_2\vivado.jou
#-----------------------------------------------------------
start_gui
open_project C:/Users/dell/Desktop/Tensor/project_2/project_2/project_2.xpr
update_compile_order -fileset sources_1
launch_simulation
source tb_tensor_processing_unit.tcl
restart
run 100 us
current_wave_config {Untitled 1}
add_wave {{/tb_tensor_processing_unit/dut/k_dim}} 
current_wave_config {Untitled 1}
add_wave {{/tb_tensor_processing_unit/dut/fetch_index}} 
current_wave_config {Untitled 1}
add_wave {{/tb_tensor_processing_unit/dut/status_reg_done}} 
current_wave_config {Untitled 1}
add_wave {{/tb_tensor_processing_unit/dut/compute_core_inst/current_state}} 
restart
run 100 us
save_wave_config {C:/Users/dell/Desktop/Tensor/project_2/project_2/project_2.sim/sim_1/tb_tensor_processing_unit_behav.wcfg}
add_files -fileset sim_1 -norecurse C:/Users/dell/Desktop/Tensor/project_2/project_2/project_2.sim/sim_1/tb_tensor_processing_unit_behav.wcfg
set_property xsim.view C:/Users/dell/Desktop/Tensor/project_2/project_2/project_2.sim/sim_1/tb_tensor_processing_unit_behav.wcfg [get_filesets sim_1]
restart
run 100 us
